Archive member included to satisfy reference by file (symbol)

c:/program files (x86)/gnu tools arm embedded/5.4 2016q3/bin/../lib/gcc/arm-none-eabi/5.4.1/../../../../arm-none-eabi/lib/armv7-m\libg.a(lib_a-itoa.o)
                              ..\obj\main.o (itoa)
c:/program files (x86)/gnu tools arm embedded/5.4 2016q3/bin/../lib/gcc/arm-none-eabi/5.4.1/../../../../arm-none-eabi/lib/armv7-m\libg.a(lib_a-memset.o)
                              ..\obj\ssd1306.o (memset)
c:/program files (x86)/gnu tools arm embedded/5.4 2016q3/bin/../lib/gcc/arm-none-eabi/5.4.1/../../../../arm-none-eabi/lib/armv7-m\libg.a(lib_a-strlen-stub.o)
                              ..\obj\fonts.o (strlen)
c:/program files (x86)/gnu tools arm embedded/5.4 2016q3/bin/../lib/gcc/arm-none-eabi/5.4.1/../../../../arm-none-eabi/lib/armv7-m\libg.a(lib_a-utoa.o)
                              c:/program files (x86)/gnu tools arm embedded/5.4 2016q3/bin/../lib/gcc/arm-none-eabi/5.4.1/../../../../arm-none-eabi/lib/armv7-m\libg.a(lib_a-itoa.o) (__utoa)

Discarded input sections

 .text          0x00000000        0x0 ..\obj\stm32f10x_tim.o
 .data          0x00000000        0x0 ..\obj\stm32f10x_tim.o
 .bss           0x00000000        0x0 ..\obj\stm32f10x_tim.o
 .text.TIM_DeInit
                0x00000000      0x22c ..\obj\stm32f10x_tim.o
 .text.TIM_OC1Init
                0x00000000      0x118 ..\obj\stm32f10x_tim.o
 .text.TIM_OC2Init
                0x00000000      0x110 ..\obj\stm32f10x_tim.o
 .text.TIM_OC3Init
                0x00000000      0x10c ..\obj\stm32f10x_tim.o
 .text.TIM_OC4Init
                0x00000000       0xd0 ..\obj\stm32f10x_tim.o
 .text.TIM_ICInit
                0x00000000       0xa8 ..\obj\stm32f10x_tim.o
 .text.TIM_PWMIConfig
                0x00000000       0xb8 ..\obj\stm32f10x_tim.o
 .text.TIM_BDTRConfig
                0x00000000       0x50 ..\obj\stm32f10x_tim.o
 .text.TIM_OCStructInit
                0x00000000       0x44 ..\obj\stm32f10x_tim.o
 .text.TIM_ICStructInit
                0x00000000       0x30 ..\obj\stm32f10x_tim.o
 .text.TIM_BDTRStructInit
                0x00000000       0x3c ..\obj\stm32f10x_tim.o
 .text.TIM_CtrlPWMOutputs
                0x00000000       0x4c ..\obj\stm32f10x_tim.o
 .text.TIM_GenerateEvent
                0x00000000       0x1c ..\obj\stm32f10x_tim.o
 .text.TIM_DMAConfig
                0x00000000       0x28 ..\obj\stm32f10x_tim.o
 .text.TIM_DMACmd
                0x00000000       0x48 ..\obj\stm32f10x_tim.o
 .text.TIM_InternalClockConfig
                0x00000000       0x24 ..\obj\stm32f10x_tim.o
 .text.TIM_ITRxExternalClockConfig
                0x00000000       0x30 ..\obj\stm32f10x_tim.o
 .text.TIM_TIxExternalClockConfig
                0x00000000       0x5c ..\obj\stm32f10x_tim.o
 .text.TIM_ETRClockMode1Config
                0x00000000       0x60 ..\obj\stm32f10x_tim.o
 .text.TIM_ETRClockMode2Config
                0x00000000       0x40 ..\obj\stm32f10x_tim.o
 .text.TIM_ETRConfig
                0x00000000       0x54 ..\obj\stm32f10x_tim.o
 .text.TIM_PrescalerConfig
                0x00000000       0x28 ..\obj\stm32f10x_tim.o
 .text.TIM_CounterModeConfig
                0x00000000       0x38 ..\obj\stm32f10x_tim.o
 .text.TIM_SelectInputTrigger
                0x00000000       0x38 ..\obj\stm32f10x_tim.o
 .text.TIM_EncoderInterfaceConfig
                0x00000000       0x98 ..\obj\stm32f10x_tim.o
 .text.TIM_ForcedOC1Config
                0x00000000       0x38 ..\obj\stm32f10x_tim.o
 .text.TIM_ForcedOC2Config
                0x00000000       0x3c ..\obj\stm32f10x_tim.o
 .text.TIM_ForcedOC3Config
                0x00000000       0x38 ..\obj\stm32f10x_tim.o
 .text.TIM_ForcedOC4Config
                0x00000000       0x3c ..\obj\stm32f10x_tim.o
 .text.TIM_ARRPreloadConfig
                0x00000000       0x40 ..\obj\stm32f10x_tim.o
 .text.TIM_SelectCOM
                0x00000000       0x40 ..\obj\stm32f10x_tim.o
 .text.TIM_SelectCCDMA
                0x00000000       0x40 ..\obj\stm32f10x_tim.o
 .text.TIM_CCPreloadControl
                0x00000000       0x40 ..\obj\stm32f10x_tim.o
 .text.TIM_OC1PreloadConfig
                0x00000000       0x38 ..\obj\stm32f10x_tim.o
 .text.TIM_OC2PreloadConfig
                0x00000000       0x3c ..\obj\stm32f10x_tim.o
 .text.TIM_OC3PreloadConfig
                0x00000000       0x38 ..\obj\stm32f10x_tim.o
 .text.TIM_OC4PreloadConfig
                0x00000000       0x3c ..\obj\stm32f10x_tim.o
 .text.TIM_OC1FastConfig
                0x00000000       0x38 ..\obj\stm32f10x_tim.o
 .text.TIM_OC2FastConfig
                0x00000000       0x3c ..\obj\stm32f10x_tim.o
 .text.TIM_OC3FastConfig
                0x00000000       0x38 ..\obj\stm32f10x_tim.o
 .text.TIM_OC4FastConfig
                0x00000000       0x3c ..\obj\stm32f10x_tim.o
 .text.TIM_ClearOC1Ref
                0x00000000       0x38 ..\obj\stm32f10x_tim.o
 .text.TIM_ClearOC2Ref
                0x00000000       0x3c ..\obj\stm32f10x_tim.o
 .text.TIM_ClearOC3Ref
                0x00000000       0x38 ..\obj\stm32f10x_tim.o
 .text.TIM_ClearOC4Ref
                0x00000000       0x3c ..\obj\stm32f10x_tim.o
 .text.TIM_OC1PolarityConfig
                0x00000000       0x38 ..\obj\stm32f10x_tim.o
 .text.TIM_OC1NPolarityConfig
                0x00000000       0x38 ..\obj\stm32f10x_tim.o
 .text.TIM_OC2PolarityConfig
                0x00000000       0x3c ..\obj\stm32f10x_tim.o
 .text.TIM_OC2NPolarityConfig
                0x00000000       0x3c ..\obj\stm32f10x_tim.o
 .text.TIM_OC3PolarityConfig
                0x00000000       0x3c ..\obj\stm32f10x_tim.o
 .text.TIM_OC3NPolarityConfig
                0x00000000       0x3c ..\obj\stm32f10x_tim.o
 .text.TIM_OC4PolarityConfig
                0x00000000       0x3c ..\obj\stm32f10x_tim.o
 .text.TIM_CCxCmd
                0x00000000       0x54 ..\obj\stm32f10x_tim.o
 .text.TIM_CCxNCmd
                0x00000000       0x54 ..\obj\stm32f10x_tim.o
 .text.TIM_SelectOCxM
                0x00000000       0xac ..\obj\stm32f10x_tim.o
 .text.TIM_UpdateDisableConfig
                0x00000000       0x40 ..\obj\stm32f10x_tim.o
 .text.TIM_UpdateRequestConfig
                0x00000000       0x40 ..\obj\stm32f10x_tim.o
 .text.TIM_SelectHallSensor
                0x00000000       0x40 ..\obj\stm32f10x_tim.o
 .text.TIM_SelectOnePulseMode
                0x00000000       0x38 ..\obj\stm32f10x_tim.o
 .text.TIM_SelectOutputTrigger
                0x00000000       0x38 ..\obj\stm32f10x_tim.o
 .text.TIM_SelectSlaveMode
                0x00000000       0x38 ..\obj\stm32f10x_tim.o
 .text.TIM_SelectMasterSlaveMode
                0x00000000       0x38 ..\obj\stm32f10x_tim.o
 .text.TIM_SetCounter
                0x00000000       0x1c ..\obj\stm32f10x_tim.o
 .text.TIM_SetAutoreload
                0x00000000       0x1c ..\obj\stm32f10x_tim.o
 .text.TIM_SetCompare1
                0x00000000       0x1c ..\obj\stm32f10x_tim.o
 .text.TIM_SetCompare2
                0x00000000       0x1c ..\obj\stm32f10x_tim.o
 .text.TIM_SetCompare3
                0x00000000       0x1c ..\obj\stm32f10x_tim.o
 .text.TIM_SetCompare4
                0x00000000       0x20 ..\obj\stm32f10x_tim.o
 .text.TIM_SetIC1Prescaler
                0x00000000       0x38 ..\obj\stm32f10x_tim.o
 .text.TIM_SetIC2Prescaler
                0x00000000       0x3c ..\obj\stm32f10x_tim.o
 .text.TIM_SetIC3Prescaler
                0x00000000       0x38 ..\obj\stm32f10x_tim.o
 .text.TIM_SetIC4Prescaler
                0x00000000       0x3c ..\obj\stm32f10x_tim.o
 .text.TIM_SetClockDivision
                0x00000000       0x38 ..\obj\stm32f10x_tim.o
 .text.TIM_GetCapture1
                0x00000000       0x18 ..\obj\stm32f10x_tim.o
 .text.TIM_GetCapture2
                0x00000000       0x18 ..\obj\stm32f10x_tim.o
 .text.TIM_GetCapture3
                0x00000000       0x18 ..\obj\stm32f10x_tim.o
 .text.TIM_GetCapture4
                0x00000000       0x1c ..\obj\stm32f10x_tim.o
 .text.TIM_GetCounter
                0x00000000       0x18 ..\obj\stm32f10x_tim.o
 .text.TIM_GetPrescaler
                0x00000000       0x18 ..\obj\stm32f10x_tim.o
 .text.TIM_GetFlagStatus
                0x00000000       0x38 ..\obj\stm32f10x_tim.o
 .text.TIM_ClearFlag
                0x00000000       0x20 ..\obj\stm32f10x_tim.o
 .text.TI1_Config
                0x00000000       0xe0 ..\obj\stm32f10x_tim.o
 .text.TI2_Config
                0x00000000       0xf4 ..\obj\stm32f10x_tim.o
 .text.TI3_Config
                0x00000000       0xec ..\obj\stm32f10x_tim.o
 .text.TI4_Config
                0x00000000       0xf8 ..\obj\stm32f10x_tim.o
 .text          0x00000000        0x0 ..\obj\core_cm3.o
 .data          0x00000000        0x0 ..\obj\core_cm3.o
 .bss           0x00000000        0x0 ..\obj\core_cm3.o
 .text.__get_PSP
                0x00000000       0x10 ..\obj\core_cm3.o
 .text.__set_PSP
                0x00000000        0xc ..\obj\core_cm3.o
 .text.__get_MSP
                0x00000000       0x10 ..\obj\core_cm3.o
 .text.__set_MSP
                0x00000000        0xc ..\obj\core_cm3.o
 .text.__get_BASEPRI
                0x00000000       0x1c ..\obj\core_cm3.o
 .text.__set_BASEPRI
                0x00000000       0x18 ..\obj\core_cm3.o
 .text.__get_PRIMASK
                0x00000000       0x1c ..\obj\core_cm3.o
 .text.__set_PRIMASK
                0x00000000       0x18 ..\obj\core_cm3.o
 .text.__get_FAULTMASK
                0x00000000       0x1c ..\obj\core_cm3.o
 .text.__set_FAULTMASK
                0x00000000       0x18 ..\obj\core_cm3.o
 .text.__get_CONTROL
                0x00000000       0x1c ..\obj\core_cm3.o
 .text.__set_CONTROL
                0x00000000       0x18 ..\obj\core_cm3.o
 .text.__REV    0x00000000       0x20 ..\obj\core_cm3.o
 .text.__REV16  0x00000000       0x20 ..\obj\core_cm3.o
 .text.__REVSH  0x00000000       0x20 ..\obj\core_cm3.o
 .text.__RBIT   0x00000000       0x20 ..\obj\core_cm3.o
 .text.__LDREXB
                0x00000000       0x20 ..\obj\core_cm3.o
 .text.__LDREXH
                0x00000000       0x20 ..\obj\core_cm3.o
 .text.__LDREXW
                0x00000000       0x20 ..\obj\core_cm3.o
 .text.__STREXB
                0x00000000       0x28 ..\obj\core_cm3.o
 .text.__STREXH
                0x00000000       0x28 ..\obj\core_cm3.o
 .text.__STREXW
                0x00000000       0x24 ..\obj\core_cm3.o
 .debug_info    0x00000000      0x527 ..\obj\core_cm3.o
 .debug_abbrev  0x00000000       0xac ..\obj\core_cm3.o
 .debug_aranges
                0x00000000       0xc8 ..\obj\core_cm3.o
 .debug_ranges  0x00000000       0xb8 ..\obj\core_cm3.o
 .debug_line    0x00000000      0x2ca ..\obj\core_cm3.o
 .debug_str     0x00000000      0x2cc ..\obj\core_cm3.o
 .comment       0x00000000       0x6f ..\obj\core_cm3.o
 .debug_frame   0x00000000      0x320 ..\obj\core_cm3.o
 .ARM.attributes
                0x00000000       0x33 ..\obj\core_cm3.o
 .text          0x00000000        0x0 ..\obj\system_stm32f10x.o
 .bss           0x00000000        0x0 ..\obj\system_stm32f10x.o
 .text.SystemCoreClockUpdate
                0x00000000       0xd8 ..\obj\system_stm32f10x.o
 .text          0x00000000        0x0 ..\obj\startup_stm32f10x_md.o
 .data          0x00000000        0x0 ..\obj\startup_stm32f10x_md.o
 .bss           0x00000000        0x0 ..\obj\startup_stm32f10x_md.o
 .text          0x00000000        0x0 ..\obj\stm32f10x_can.o
 .data          0x00000000        0x0 ..\obj\stm32f10x_can.o
 .bss           0x00000000        0x0 ..\obj\stm32f10x_can.o
 .text.CAN_SlaveStartBank
                0x00000000       0x60 ..\obj\stm32f10x_can.o
 .text.CAN_DBGFreeze
                0x00000000       0x38 ..\obj\stm32f10x_can.o
 .text.CAN_TTComModeCmd
                0x00000000       0x98 ..\obj\stm32f10x_can.o
 .text.CAN_Transmit
                0x00000000      0x194 ..\obj\stm32f10x_can.o
 .text.CAN_TransmitStatus
                0x00000000       0xd4 ..\obj\stm32f10x_can.o
 .text.CAN_CancelTransmit
                0x00000000       0x50 ..\obj\stm32f10x_can.o
 .text.CAN_FIFORelease
                0x00000000       0x38 ..\obj\stm32f10x_can.o
 .text.CAN_MessagePending
                0x00000000       0x48 ..\obj\stm32f10x_can.o
 .text.CAN_OperatingModeRequest
                0x00000000       0xfc ..\obj\stm32f10x_can.o
 .text.CAN_Sleep
                0x00000000       0x38 ..\obj\stm32f10x_can.o
 .text.CAN_WakeUp
                0x00000000       0x54 ..\obj\stm32f10x_can.o
 .text.CAN_GetLastErrorCode
                0x00000000       0x24 ..\obj\stm32f10x_can.o
 .text.CAN_GetReceiveErrorCounter
                0x00000000       0x24 ..\obj\stm32f10x_can.o
 .text.CAN_GetLSBTransmitErrorCounter
                0x00000000       0x24 ..\obj\stm32f10x_can.o
 .text.CAN_GetFlagStatus
                0x00000000       0xcc ..\obj\stm32f10x_can.o
 .text.CAN_ClearFlag
                0x00000000       0x70 ..\obj\stm32f10x_can.o
 .text.CAN_ClearITPendingBit
                0x00000000       0xdc ..\obj\stm32f10x_can.o
 .text          0x00000000        0x0 ..\obj\stm32f10x_gpio.o
 .data          0x00000000        0x0 ..\obj\stm32f10x_gpio.o
 .bss           0x00000000        0x0 ..\obj\stm32f10x_gpio.o
 .text.GPIO_DeInit
                0x00000000       0xe4 ..\obj\stm32f10x_gpio.o
 .text.GPIO_AFIODeInit
                0x00000000       0x18 ..\obj\stm32f10x_gpio.o
 .text.GPIO_StructInit
                0x00000000       0x28 ..\obj\stm32f10x_gpio.o
 .text.GPIO_ReadInputDataBit
                0x00000000       0x34 ..\obj\stm32f10x_gpio.o
 .text.GPIO_ReadInputData
                0x00000000       0x18 ..\obj\stm32f10x_gpio.o
 .text.GPIO_ReadOutputDataBit
                0x00000000       0x34 ..\obj\stm32f10x_gpio.o
 .text.GPIO_ReadOutputData
                0x00000000       0x18 ..\obj\stm32f10x_gpio.o
 .text.GPIO_WriteBit
                0x00000000       0x30 ..\obj\stm32f10x_gpio.o
 .text.GPIO_Write
                0x00000000       0x1c ..\obj\stm32f10x_gpio.o
 .text.GPIO_PinLockConfig
                0x00000000       0x44 ..\obj\stm32f10x_gpio.o
 .text.GPIO_EventOutputConfig
                0x00000000       0x4c ..\obj\stm32f10x_gpio.o
 .text.GPIO_EventOutputCmd
                0x00000000       0x20 ..\obj\stm32f10x_gpio.o
 .text.GPIO_EXTILineConfig
                0x00000000       0x84 ..\obj\stm32f10x_gpio.o
 .text.GPIO_ETH_MediaInterfaceConfig
                0x00000000       0x1c ..\obj\stm32f10x_gpio.o
 .text          0x00000000        0x0 ..\obj\main.o
 .data          0x00000000        0x0 ..\obj\main.o
 .text.res_timer
                0x00000000       0x74 ..\obj\main.o
 .text          0x00000000        0x0 ..\obj\can.o
 .data          0x00000000        0x0 ..\obj\can.o
 .rodata        0x00000000        0x4 ..\obj\can.o
 .text          0x00000000        0x0 ..\obj\stm32f10x_rcc.o
 .bss           0x00000000        0x0 ..\obj\stm32f10x_rcc.o
 .text.RCC_DeInit
                0x00000000       0x5c ..\obj\stm32f10x_rcc.o
 .text.RCC_HSEConfig
                0x00000000       0x5c ..\obj\stm32f10x_rcc.o
 .text.RCC_WaitForHSEStartUp
                0x00000000       0x50 ..\obj\stm32f10x_rcc.o
 .text.RCC_AdjustHSICalibrationValue
                0x00000000       0x3c ..\obj\stm32f10x_rcc.o
 .text.RCC_HSICmd
                0x00000000       0x20 ..\obj\stm32f10x_rcc.o
 .text.RCC_PLLConfig
                0x00000000       0x3c ..\obj\stm32f10x_rcc.o
 .text.RCC_PLLCmd
                0x00000000       0x20 ..\obj\stm32f10x_rcc.o
 .text.RCC_SYSCLKConfig
                0x00000000       0x38 ..\obj\stm32f10x_rcc.o
 .text.RCC_GetSYSCLKSource
                0x00000000       0x1c ..\obj\stm32f10x_rcc.o
 .text.RCC_HCLKConfig
                0x00000000       0x38 ..\obj\stm32f10x_rcc.o
 .text.RCC_PCLK1Config
                0x00000000       0x38 ..\obj\stm32f10x_rcc.o
 .text.RCC_PCLK2Config
                0x00000000       0x38 ..\obj\stm32f10x_rcc.o
 .text.RCC_ITConfig
                0x00000000       0x4c ..\obj\stm32f10x_rcc.o
 .text.RCC_USBCLKConfig
                0x00000000       0x1c ..\obj\stm32f10x_rcc.o
 .text.RCC_ADCCLKConfig
                0x00000000       0x38 ..\obj\stm32f10x_rcc.o
 .text.RCC_LSEConfig
                0x00000000       0x40 ..\obj\stm32f10x_rcc.o
 .text.RCC_LSICmd
                0x00000000       0x20 ..\obj\stm32f10x_rcc.o
 .text.RCC_RTCCLKConfig
                0x00000000       0x24 ..\obj\stm32f10x_rcc.o
 .text.RCC_RTCCLKCmd
                0x00000000       0x20 ..\obj\stm32f10x_rcc.o
 .text.RCC_AHBPeriphClockCmd
                0x00000000       0x3c ..\obj\stm32f10x_rcc.o
 .text.RCC_APB2PeriphResetCmd
                0x00000000       0x3c ..\obj\stm32f10x_rcc.o
 .text.RCC_BackupResetCmd
                0x00000000       0x20 ..\obj\stm32f10x_rcc.o
 .text.RCC_ClockSecuritySystemCmd
                0x00000000       0x20 ..\obj\stm32f10x_rcc.o
 .text.RCC_MCOConfig
                0x00000000       0x20 ..\obj\stm32f10x_rcc.o
 .text.RCC_GetFlagStatus
                0x00000000       0x74 ..\obj\stm32f10x_rcc.o
 .text.RCC_ClearFlag
                0x00000000       0x1c ..\obj\stm32f10x_rcc.o
 .text.RCC_GetITStatus
                0x00000000       0x34 ..\obj\stm32f10x_rcc.o
 .text.RCC_ClearITPendingBit
                0x00000000       0x20 ..\obj\stm32f10x_rcc.o
 .text          0x00000000        0x0 ..\obj\fonts.o
 .bss           0x00000000        0x0 ..\obj\fonts.o
 .text.FONTS_GetStringSize
                0x00000000       0x3c ..\obj\fonts.o
 .text          0x00000000        0x0 ..\obj\stm32f10x_usart.o
 .data          0x00000000        0x0 ..\obj\stm32f10x_usart.o
 .bss           0x00000000        0x0 ..\obj\stm32f10x_usart.o
 .text.USART_DeInit
                0x00000000       0xb8 ..\obj\stm32f10x_usart.o
 .text.USART_Init
                0x00000000      0x174 ..\obj\stm32f10x_usart.o
 .text.USART_StructInit
                0x00000000       0x38 ..\obj\stm32f10x_usart.o
 .text.USART_ClockInit
                0x00000000       0x58 ..\obj\stm32f10x_usart.o
 .text.USART_ClockStructInit
                0x00000000       0x2c ..\obj\stm32f10x_usart.o
 .text.USART_Cmd
                0x00000000       0x40 ..\obj\stm32f10x_usart.o
 .text.USART_ITConfig
                0x00000000       0x90 ..\obj\stm32f10x_usart.o
 .text.USART_DMACmd
                0x00000000       0x48 ..\obj\stm32f10x_usart.o
 .text.USART_SetAddress
                0x00000000       0x38 ..\obj\stm32f10x_usart.o
 .text.USART_WakeUpConfig
                0x00000000       0x38 ..\obj\stm32f10x_usart.o
 .text.USART_ReceiverWakeUpCmd
                0x00000000       0x40 ..\obj\stm32f10x_usart.o
 .text.USART_LINBreakDetectLengthConfig
                0x00000000       0x38 ..\obj\stm32f10x_usart.o
 .text.USART_LINCmd
                0x00000000       0x40 ..\obj\stm32f10x_usart.o
 .text.USART_SendData
                0x00000000       0x24 ..\obj\stm32f10x_usart.o
 .text.USART_ReceiveData
                0x00000000       0x20 ..\obj\stm32f10x_usart.o
 .text.USART_SendBreak
                0x00000000       0x24 ..\obj\stm32f10x_usart.o
 .text.USART_SetGuardTime
                0x00000000       0x3c ..\obj\stm32f10x_usart.o
 .text.USART_SetPrescaler
                0x00000000       0x38 ..\obj\stm32f10x_usart.o
 .text.USART_SmartCardCmd
                0x00000000       0x40 ..\obj\stm32f10x_usart.o
 .text.USART_SmartCardNACKCmd
                0x00000000       0x40 ..\obj\stm32f10x_usart.o
 .text.USART_HalfDuplexCmd
                0x00000000       0x40 ..\obj\stm32f10x_usart.o
 .text.USART_OverSampling8Cmd
                0x00000000       0x44 ..\obj\stm32f10x_usart.o
 .text.USART_OneBitMethodCmd
                0x00000000       0x40 ..\obj\stm32f10x_usart.o
 .text.USART_IrDAConfig
                0x00000000       0x38 ..\obj\stm32f10x_usart.o
 .text.USART_IrDACmd
                0x00000000       0x40 ..\obj\stm32f10x_usart.o
 .text.USART_GetFlagStatus
                0x00000000       0x38 ..\obj\stm32f10x_usart.o
 .text.USART_ClearFlag
                0x00000000       0x20 ..\obj\stm32f10x_usart.o
 .text.USART_GetITStatus
                0x00000000       0xb4 ..\obj\stm32f10x_usart.o
 .text.USART_ClearITPendingBit
                0x00000000       0x38 ..\obj\stm32f10x_usart.o
 .debug_info    0x00000000      0x9f0 ..\obj\stm32f10x_usart.o
 .debug_abbrev  0x00000000      0x164 ..\obj\stm32f10x_usart.o
 .debug_aranges
                0x00000000      0x100 ..\obj\stm32f10x_usart.o
 .debug_ranges  0x00000000       0xf0 ..\obj\stm32f10x_usart.o
 .debug_line    0x00000000      0x4b2 ..\obj\stm32f10x_usart.o
 .debug_str     0x00000000      0x697 ..\obj\stm32f10x_usart.o
 .comment       0x00000000       0x6f ..\obj\stm32f10x_usart.o
 .debug_frame   0x00000000      0x490 ..\obj\stm32f10x_usart.o
 .ARM.attributes
                0x00000000       0x33 ..\obj\stm32f10x_usart.o
 .text          0x00000000        0x0 ..\obj\syscalls.o
 .data          0x00000000        0x0 ..\obj\syscalls.o
 .bss           0x00000000        0x4 ..\obj\syscalls.o
 .text._sbrk    0x00000000       0x3c ..\obj\syscalls.o
 .text.link     0x00000000       0x18 ..\obj\syscalls.o
 .text._close   0x00000000       0x18 ..\obj\syscalls.o
 .text._fstat   0x00000000       0x20 ..\obj\syscalls.o
 .text._isatty  0x00000000       0x14 ..\obj\syscalls.o
 .text._lseek   0x00000000       0x18 ..\obj\syscalls.o
 .text._read    0x00000000       0x18 ..\obj\syscalls.o
 .text._write   0x00000000       0x18 ..\obj\syscalls.o
 .text.abort    0x00000000        0x8 ..\obj\syscalls.o
 .debug_info    0x00000000      0x458 ..\obj\syscalls.o
 .debug_abbrev  0x00000000       0xe5 ..\obj\syscalls.o
 .debug_aranges
                0x00000000       0x60 ..\obj\syscalls.o
 .debug_ranges  0x00000000       0x50 ..\obj\syscalls.o
 .debug_line    0x00000000      0x1ed ..\obj\syscalls.o
 .debug_str     0x00000000      0x334 ..\obj\syscalls.o
 .comment       0x00000000       0x6f ..\obj\syscalls.o
 .debug_frame   0x00000000      0x168 ..\obj\syscalls.o
 .ARM.attributes
                0x00000000       0x33 ..\obj\syscalls.o
 .text          0x00000000        0x0 ..\obj\ssd1306_i2c.o
 .data          0x00000000        0x0 ..\obj\ssd1306_i2c.o
 .text          0x00000000        0x0 ..\obj\misc.o
 .data          0x00000000        0x0 ..\obj\misc.o
 .bss           0x00000000        0x0 ..\obj\misc.o
 .text.NVIC_PriorityGroupConfig
                0x00000000       0x24 ..\obj\misc.o
 .text.NVIC_SetVectorTable
                0x00000000       0x2c ..\obj\misc.o
 .text.NVIC_SystemLPConfig
                0x00000000       0x40 ..\obj\misc.o
 .text.SysTick_CLKSourceConfig
                0x00000000       0x38 ..\obj\misc.o
 .text          0x00000000        0x0 ..\obj\ssd1306.o
 .data          0x00000000        0x0 ..\obj\ssd1306.o
 .text.SSD1306_ToggleInvert
                0x00000000       0x50 ..\obj\ssd1306.o
 .text.SSD1306_DrawLine
                0x00000000      0x1f8 ..\obj\ssd1306.o
 .text.SSD1306_DrawRectangle
                0x00000000       0xd4 ..\obj\ssd1306.o
 .text.SSD1306_DrawFilledRectangle
                0x00000000       0x9c ..\obj\ssd1306.o
 .text.SSD1306_DrawTriangle
                0x00000000       0x64 ..\obj\ssd1306.o
 .text.SSD1306_DrawFilledTriangle
                0x00000000      0x184 ..\obj\ssd1306.o
 .text.SSD1306_DrawCircle
                0x00000000      0x1a8 ..\obj\ssd1306.o
 .text.SSD1306_DrawFilledCircle
                0x00000000      0x1b4 ..\obj\ssd1306.o
 .text.SSD1306_ON
                0x00000000       0x30 ..\obj\ssd1306.o
 .text.SSD1306_OFF
                0x00000000       0x30 ..\obj\ssd1306.o
 .text          0x00000000        0x0 ..\obj\stm32f10x_i2c.o
 .data          0x00000000        0x0 ..\obj\stm32f10x_i2c.o
 .bss           0x00000000        0x0 ..\obj\stm32f10x_i2c.o
 .text.I2C_DeInit
                0x00000000       0x48 ..\obj\stm32f10x_i2c.o
 .text.I2C_StructInit
                0x00000000       0x3c ..\obj\stm32f10x_i2c.o
 .text.I2C_DMACmd
                0x00000000       0x40 ..\obj\stm32f10x_i2c.o
 .text.I2C_DMALastTransferCmd
                0x00000000       0x40 ..\obj\stm32f10x_i2c.o
 .text.I2C_GenerateSTART
                0x00000000       0x40 ..\obj\stm32f10x_i2c.o
 .text.I2C_GenerateSTOP
                0x00000000       0x40 ..\obj\stm32f10x_i2c.o
 .text.I2C_AcknowledgeConfig
                0x00000000       0x40 ..\obj\stm32f10x_i2c.o
 .text.I2C_OwnAddress2Config
                0x00000000       0x44 ..\obj\stm32f10x_i2c.o
 .text.I2C_DualAddressCmd
                0x00000000       0x40 ..\obj\stm32f10x_i2c.o
 .text.I2C_GeneralCallCmd
                0x00000000       0x40 ..\obj\stm32f10x_i2c.o
 .text.I2C_ITConfig
                0x00000000       0x48 ..\obj\stm32f10x_i2c.o
 .text.I2C_SendData
                0x00000000       0x20 ..\obj\stm32f10x_i2c.o
 .text.I2C_ReceiveData
                0x00000000       0x1c ..\obj\stm32f10x_i2c.o
 .text.I2C_Send7bitAddress
                0x00000000       0x3c ..\obj\stm32f10x_i2c.o
 .text.I2C_ReadRegister
                0x00000000       0x2c ..\obj\stm32f10x_i2c.o
 .text.I2C_SoftwareResetCmd
                0x00000000       0x44 ..\obj\stm32f10x_i2c.o
 .text.I2C_NACKPositionConfig
                0x00000000       0x40 ..\obj\stm32f10x_i2c.o
 .text.I2C_SMBusAlertConfig
                0x00000000       0x40 ..\obj\stm32f10x_i2c.o
 .text.I2C_TransmitPEC
                0x00000000       0x40 ..\obj\stm32f10x_i2c.o
 .text.I2C_PECPositionConfig
                0x00000000       0x40 ..\obj\stm32f10x_i2c.o
 .text.I2C_CalculatePEC
                0x00000000       0x40 ..\obj\stm32f10x_i2c.o
 .text.I2C_GetPEC
                0x00000000       0x20 ..\obj\stm32f10x_i2c.o
 .text.I2C_ARPCmd
                0x00000000       0x40 ..\obj\stm32f10x_i2c.o
 .text.I2C_StretchClockCmd
                0x00000000       0x40 ..\obj\stm32f10x_i2c.o
 .text.I2C_FastModeDutyCycleConfig
                0x00000000       0x40 ..\obj\stm32f10x_i2c.o
 .text.I2C_GetLastEvent
                0x00000000       0x44 ..\obj\stm32f10x_i2c.o
 .text.I2C_GetFlagStatus
                0x00000000       0x64 ..\obj\stm32f10x_i2c.o
 .text.I2C_ClearFlag
                0x00000000       0x2c ..\obj\stm32f10x_i2c.o
 .text.I2C_GetITStatus
                0x00000000       0x58 ..\obj\stm32f10x_i2c.o
 .text.I2C_ClearITPendingBit
                0x00000000       0x2c ..\obj\stm32f10x_i2c.o
 .text          0x00000000        0x0 c:/program files (x86)/gnu tools arm embedded/5.4 2016q3/bin/../lib/gcc/arm-none-eabi/5.4.1/../../../../arm-none-eabi/lib/armv7-m\libg.a(lib_a-itoa.o)
 .data          0x00000000        0x0 c:/program files (x86)/gnu tools arm embedded/5.4 2016q3/bin/../lib/gcc/arm-none-eabi/5.4.1/../../../../arm-none-eabi/lib/armv7-m\libg.a(lib_a-itoa.o)
 .bss           0x00000000        0x0 c:/program files (x86)/gnu tools arm embedded/5.4 2016q3/bin/../lib/gcc/arm-none-eabi/5.4.1/../../../../arm-none-eabi/lib/armv7-m\libg.a(lib_a-itoa.o)
 .text          0x00000000        0x0 c:/program files (x86)/gnu tools arm embedded/5.4 2016q3/bin/../lib/gcc/arm-none-eabi/5.4.1/../../../../arm-none-eabi/lib/armv7-m\libg.a(lib_a-memset.o)
 .data          0x00000000        0x0 c:/program files (x86)/gnu tools arm embedded/5.4 2016q3/bin/../lib/gcc/arm-none-eabi/5.4.1/../../../../arm-none-eabi/lib/armv7-m\libg.a(lib_a-memset.o)
 .bss           0x00000000        0x0 c:/program files (x86)/gnu tools arm embedded/5.4 2016q3/bin/../lib/gcc/arm-none-eabi/5.4.1/../../../../arm-none-eabi/lib/armv7-m\libg.a(lib_a-memset.o)
 .text          0x00000000        0x0 c:/program files (x86)/gnu tools arm embedded/5.4 2016q3/bin/../lib/gcc/arm-none-eabi/5.4.1/../../../../arm-none-eabi/lib/armv7-m\libg.a(lib_a-strlen-stub.o)
 .data          0x00000000        0x0 c:/program files (x86)/gnu tools arm embedded/5.4 2016q3/bin/../lib/gcc/arm-none-eabi/5.4.1/../../../../arm-none-eabi/lib/armv7-m\libg.a(lib_a-strlen-stub.o)
 .bss           0x00000000        0x0 c:/program files (x86)/gnu tools arm embedded/5.4 2016q3/bin/../lib/gcc/arm-none-eabi/5.4.1/../../../../arm-none-eabi/lib/armv7-m\libg.a(lib_a-strlen-stub.o)
 .text.strlen   0x00000000       0x5c c:/program files (x86)/gnu tools arm embedded/5.4 2016q3/bin/../lib/gcc/arm-none-eabi/5.4.1/../../../../arm-none-eabi/lib/armv7-m\libg.a(lib_a-strlen-stub.o)
 .debug_frame   0x00000000       0x20 c:/program files (x86)/gnu tools arm embedded/5.4 2016q3/bin/../lib/gcc/arm-none-eabi/5.4.1/../../../../arm-none-eabi/lib/armv7-m\libg.a(lib_a-strlen-stub.o)
 .ARM.attributes
                0x00000000       0x2d c:/program files (x86)/gnu tools arm embedded/5.4 2016q3/bin/../lib/gcc/arm-none-eabi/5.4.1/../../../../arm-none-eabi/lib/armv7-m\libg.a(lib_a-strlen-stub.o)
 .text          0x00000000        0x0 c:/program files (x86)/gnu tools arm embedded/5.4 2016q3/bin/../lib/gcc/arm-none-eabi/5.4.1/../../../../arm-none-eabi/lib/armv7-m\libg.a(lib_a-utoa.o)
 .data          0x00000000        0x0 c:/program files (x86)/gnu tools arm embedded/5.4 2016q3/bin/../lib/gcc/arm-none-eabi/5.4.1/../../../../arm-none-eabi/lib/armv7-m\libg.a(lib_a-utoa.o)
 .bss           0x00000000        0x0 c:/program files (x86)/gnu tools arm embedded/5.4 2016q3/bin/../lib/gcc/arm-none-eabi/5.4.1/../../../../arm-none-eabi/lib/armv7-m\libg.a(lib_a-utoa.o)
 .text.utoa     0x00000000        0x4 c:/program files (x86)/gnu tools arm embedded/5.4 2016q3/bin/../lib/gcc/arm-none-eabi/5.4.1/../../../../arm-none-eabi/lib/armv7-m\libg.a(lib_a-utoa.o)

Memory Configuration

Name             Origin             Length             Attributes
rom              0x08000000         0x00010000         xr
ram              0x20000000         0x00005000         xrw
*default*        0x00000000         0xffffffff

Linker script and memory map

                0x20005000                _eram = 0x20005000

.text           0x08000000     0x4b48
 *(.isr_vector)
 .isr_vector    0x08000000      0x10c ..\obj\startup_stm32f10x_md.o
                0x08000000                g_pfnVectors
 *(.text*)
 .text.TIM_TimeBaseInit
                0x0800010c       0xf8 ..\obj\stm32f10x_tim.o
                0x0800010c                TIM_TimeBaseInit
 .text.TIM_TimeBaseStructInit
                0x08000204       0x34 ..\obj\stm32f10x_tim.o
                0x08000204                TIM_TimeBaseStructInit
 .text.TIM_Cmd  0x08000238       0x40 ..\obj\stm32f10x_tim.o
                0x08000238                TIM_Cmd
 .text.TIM_ITConfig
                0x08000278       0x48 ..\obj\stm32f10x_tim.o
                0x08000278                TIM_ITConfig
 .text.TIM_GetITStatus
                0x080002c0       0x54 ..\obj\stm32f10x_tim.o
                0x080002c0                TIM_GetITStatus
 .text.TIM_ClearITPendingBit
                0x08000314       0x20 ..\obj\stm32f10x_tim.o
                0x08000314                TIM_ClearITPendingBit
 .text.SystemInit
                0x08000334       0x68 ..\obj\system_stm32f10x.o
                0x08000334                SystemInit
 .text.SetSysClock
                0x0800039c        0xc ..\obj\system_stm32f10x.o
 .text.SetSysClockTo72
                0x080003a8      0x100 ..\obj\system_stm32f10x.o
 .text.Default_Reset_Handler
                0x080004a8       0x60 ..\obj\startup_stm32f10x_md.o
                0x080004a8                Default_Reset_Handler
                0x080004a8                Reset_Handler
 .text.Default_Handler
                0x08000508        0x8 ..\obj\startup_stm32f10x_md.o
                0x08000508                EXTI2_IRQHandler
                0x08000508                DebugMon_Handler
                0x08000508                TIM1_CC_IRQHandler
                0x08000508                HardFault_Handler
                0x08000508                SysTick_Handler
                0x08000508                PVD_IRQHandler
                0x08000508                PendSV_Handler
                0x08000508                NMI_Handler
                0x08000508                EXTI3_IRQHandler
                0x08000508                EXTI0_IRQHandler
                0x08000508                I2C2_EV_IRQHandler
                0x08000508                UsageFault_Handler
                0x08000508                ADC1_2_IRQHandler
                0x08000508                SPI1_IRQHandler
                0x08000508                TAMPER_IRQHandler
                0x08000508                DMA1_Channel4_IRQHandler
                0x08000508                USART3_IRQHandler
                0x08000508                RTC_IRQHandler
                0x08000508                DMA1_Channel7_IRQHandler
                0x08000508                I2C1_EV_IRQHandler
                0x08000508                DMA1_Channel6_IRQHandler
                0x08000508                RCC_IRQHandler
                0x08000508                TIM1_TRG_COM_IRQHandler
                0x08000508                DMA1_Channel1_IRQHandler
                0x08000508                EXTI15_10_IRQHandler
                0x08000508                EXTI9_5_IRQHandler
                0x08000508                SPI2_IRQHandler
                0x08000508                MemManage_Handler
                0x08000508                SVC_Handler
                0x08000508                DMA1_Channel5_IRQHandler
                0x08000508                EXTI4_IRQHandler
                0x08000508                USB_HP_CAN1_TX_IRQHandler
                0x08000508                DMA1_Channel3_IRQHandler
                0x08000508                TIM1_UP_IRQHandler
                0x08000508                WWDG_IRQHandler
                0x08000508                TIM2_IRQHandler
                0x08000508                TIM1_BRK_IRQHandler
                0x08000508                EXTI1_IRQHandler
                0x08000508                RTCAlarm_IRQHandler
                0x08000508                USART2_IRQHandler
                0x08000508                I2C2_ER_IRQHandler
                0x08000508                DMA1_Channel2_IRQHandler
                0x08000508                CAN1_SCE_IRQHandler
                0x08000508                FLASH_IRQHandler
                0x08000508                BusFault_Handler
                0x08000508                USART1_IRQHandler
                0x08000508                I2C1_ER_IRQHandler
                0x08000508                USBWakeUp_IRQHandler
 .text.CAN_DeInit
                0x08000510       0x48 ..\obj\stm32f10x_can.o
                0x08000510                CAN_DeInit
 .text.CAN_Init
                0x08000558      0x1a0 ..\obj\stm32f10x_can.o
                0x08000558                CAN_Init
 .text.CAN_FilterInit
                0x080006f8      0x174 ..\obj\stm32f10x_can.o
                0x080006f8                CAN_FilterInit
 .text.CAN_StructInit
                0x0800086c       0x54 ..\obj\stm32f10x_can.o
                0x0800086c                CAN_StructInit
 .text.CAN_Receive
                0x080008c0      0x174 ..\obj\stm32f10x_can.o
                0x080008c0                CAN_Receive
 .text.CAN_ITConfig
                0x08000a34       0x3c ..\obj\stm32f10x_can.o
                0x08000a34                CAN_ITConfig
 .text.CAN_GetITStatus
                0x08000a70      0x194 ..\obj\stm32f10x_can.o
                0x08000a70                CAN_GetITStatus
 .text.CheckITStatus
                0x08000c04       0x30 ..\obj\stm32f10x_can.o
 .text.GPIO_Init
                0x08000c34      0x178 ..\obj\stm32f10x_gpio.o
                0x08000c34                GPIO_Init
 .text.GPIO_SetBits
                0x08000dac       0x1c ..\obj\stm32f10x_gpio.o
                0x08000dac                GPIO_SetBits
 .text.GPIO_ResetBits
                0x08000dc8       0x1c ..\obj\stm32f10x_gpio.o
                0x08000dc8                GPIO_ResetBits
 .text.GPIO_PinRemapConfig
                0x08000de4       0xe0 ..\obj\stm32f10x_gpio.o
                0x08000de4                GPIO_PinRemapConfig
 .text.Delay    0x08000ec4       0x24 ..\obj\main.o
                0x08000ec4                Delay
 .text.main     0x08000ee8      0x27c ..\obj\main.o
                0x08000ee8                main
 .text.init_timer
                0x08001164       0xcc ..\obj\main.o
                0x08001164                init_timer
 .text.TIM3_IRQHandler
                0x08001230       0x3c ..\obj\main.o
                0x08001230                TIM3_IRQHandler
 .text.TIM4_IRQHandler
                0x0800126c       0x3c ..\obj\main.o
                0x0800126c                TIM4_IRQHandler
 .text.init_CAN
                0x080012a8      0x158 ..\obj\can.o
                0x080012a8                init_CAN
 .text.USB_LP_CAN1_RX0_IRQHandler
                0x08001400       0xb4 ..\obj\can.o
                0x08001400                USB_LP_CAN1_RX0_IRQHandler
 .text.CAN1_RX1_IRQHandler
                0x080014b4       0x64 ..\obj\can.o
                0x080014b4                CAN1_RX1_IRQHandler
 .text.RCC_GetClocksFreq
                0x08001518      0x160 ..\obj\stm32f10x_rcc.o
                0x08001518                RCC_GetClocksFreq
 .text.RCC_APB2PeriphClockCmd
                0x08001678       0x3c ..\obj\stm32f10x_rcc.o
                0x08001678                RCC_APB2PeriphClockCmd
 .text.RCC_APB1PeriphClockCmd
                0x080016b4       0x3c ..\obj\stm32f10x_rcc.o
                0x080016b4                RCC_APB1PeriphClockCmd
 .text.RCC_APB1PeriphResetCmd
                0x080016f0       0x3c ..\obj\stm32f10x_rcc.o
                0x080016f0                RCC_APB1PeriphResetCmd
 .text.ssd1306_I2C_Init
                0x0800172c       0x74 ..\obj\ssd1306_i2c.o
                0x0800172c                ssd1306_I2C_Init
 .text.ssd1306_I2C_WriteMulti
                0x080017a0       0x5c ..\obj\ssd1306_i2c.o
                0x080017a0                ssd1306_I2C_WriteMulti
 .text.ssd1306_I2C_Start
                0x080017fc      0x108 ..\obj\ssd1306_i2c.o
                0x080017fc                ssd1306_I2C_Start
 .text.ssd1306_I2C_WriteData
                0x08001904       0x4c ..\obj\ssd1306_i2c.o
                0x08001904                ssd1306_I2C_WriteData
 .text.ssd1306_I2C_Write
                0x08001950       0x48 ..\obj\ssd1306_i2c.o
                0x08001950                ssd1306_I2C_Write
 .text.ssd1306_I2C_Stop
                0x08001998       0x64 ..\obj\ssd1306_i2c.o
                0x08001998                ssd1306_I2C_Stop
 .text.ssd1306_I2C_IsDeviceConnected
                0x080019fc       0x38 ..\obj\ssd1306_i2c.o
                0x080019fc                ssd1306_I2C_IsDeviceConnected
 .text.NVIC_Init
                0x08001a34       0xc4 ..\obj\misc.o
                0x08001a34                NVIC_Init
 .text.SSD1306_Init
                0x08001af8      0x1b0 ..\obj\ssd1306.o
                0x08001af8                SSD1306_Init
 .text.SSD1306_UpdateScreen
                0x08001ca8       0x68 ..\obj\ssd1306.o
                0x08001ca8                SSD1306_UpdateScreen
 .text.SSD1306_Fill
                0x08001d10       0x30 ..\obj\ssd1306.o
                0x08001d10                SSD1306_Fill
 .text.SSD1306_DrawPixel
                0x08001d40       0xbc ..\obj\ssd1306.o
                0x08001d40                SSD1306_DrawPixel
 .text.SSD1306_GotoXY
                0x08001dfc       0x2c ..\obj\ssd1306.o
                0x08001dfc                SSD1306_GotoXY
 .text.SSD1306_Putc
                0x08001e28      0x100 ..\obj\ssd1306.o
                0x08001e28                SSD1306_Putc
 .text.SSD1306_Puts
                0x08001f28       0x4c ..\obj\ssd1306.o
                0x08001f28                SSD1306_Puts
 .text.I2C_Init
                0x08001f74      0x184 ..\obj\stm32f10x_i2c.o
                0x08001f74                I2C_Init
 .text.I2C_Cmd  0x080020f8       0x40 ..\obj\stm32f10x_i2c.o
                0x080020f8                I2C_Cmd
 .text.I2C_CheckEvent
                0x08002138       0x60 ..\obj\stm32f10x_i2c.o
                0x08002138                I2C_CheckEvent
 .text.__itoa   0x08002198       0x30 c:/program files (x86)/gnu tools arm embedded/5.4 2016q3/bin/../lib/gcc/arm-none-eabi/5.4.1/../../../../arm-none-eabi/lib/armv7-m\libg.a(lib_a-itoa.o)
                0x08002198                __itoa
 .text.itoa     0x080021c8        0x4 c:/program files (x86)/gnu tools arm embedded/5.4 2016q3/bin/../lib/gcc/arm-none-eabi/5.4.1/../../../../arm-none-eabi/lib/armv7-m\libg.a(lib_a-itoa.o)
                0x080021c8                itoa
 .text.memset   0x080021cc       0x9c c:/program files (x86)/gnu tools arm embedded/5.4 2016q3/bin/../lib/gcc/arm-none-eabi/5.4.1/../../../../arm-none-eabi/lib/armv7-m\libg.a(lib_a-memset.o)
                0x080021cc                memset
 .text.__utoa   0x08002268       0x80 c:/program files (x86)/gnu tools arm embedded/5.4 2016q3/bin/../lib/gcc/arm-none-eabi/5.4.1/../../../../arm-none-eabi/lib/armv7-m\libg.a(lib_a-utoa.o)
                0x08002268                __utoa
 *(.init)
 *(.fini)
 *crtbegin.o(.ctors)
 *crtbegin?.o(.ctors)
 *(EXCLUDE_FILE(*crtend.o *crtend?.o) .ctors)
 *(SORT(.ctors.*))
 *(.ctors)
 *crtbegin.o(.dtors)
 *crtbegin?.o(.dtors)
 *(EXCLUDE_FILE(*crtend.o *crtend?.o) .dtors)
 *(SORT(.dtors.*))
 *(.dtors)
 *(.rodata*)
 .rodata        0x080022e8       0x23 ..\obj\main.o
 *fill*         0x0800230b        0x1 
 .rodata        0x0800230c     0x2814 ..\obj\fonts.o
                0x0800230c                Font7x10
                0x08002a78                Font11x18
                0x080037d4                Font16x26
 .rodata.str1.4
                0x08004b20       0x28 c:/program files (x86)/gnu tools arm embedded/5.4 2016q3/bin/../lib/gcc/arm-none-eabi/5.4.1/../../../../arm-none-eabi/lib/armv7-m\libg.a(lib_a-utoa.o)
                                 0x25 (size before relaxing)
 *(.eh_fram e*)

.glue_7         0x08004b48        0x0
 .glue_7        0x08004b48        0x0 linker stubs

.glue_7t        0x08004b48        0x0
 .glue_7t       0x08004b48        0x0 linker stubs

.vfp11_veneer   0x08004b48        0x0
 .vfp11_veneer  0x08004b48        0x0 linker stubs

.v4_bx          0x08004b48        0x0
 .v4_bx         0x08004b48        0x0 linker stubs

.iplt           0x08004b48        0x0
 .iplt          0x08004b48        0x0 ..\obj\stm32f10x_tim.o

.rel.dyn        0x08004b48        0x0
 .rel.iplt      0x08004b48        0x0 ..\obj\stm32f10x_tim.o

.ARM.extab
 *(.ARM.extab* .gnu.linkonce.armextab.*)
                0x08004b48                __exidx_start = .

.ARM.exidx
 *(.ARM.exidx* .gnu.linkonce.armexidx.*)
                0x08004b48                __exidx_end = .
                0x08004b48                __etext = .
                0x08004b48                _sidata = __etext

.data           0x20000000       0x40 load address 0x08004b48
                0x20000000                __data_start__ = .
                0x20000000                _sdata = __data_start__
 *(vtable)
 *(.data*)
 .data          0x20000000       0x14 ..\obj\system_stm32f10x.o
                0x20000000                SystemCoreClock
                0x20000004                AHBPrescTable
 .data          0x20000014       0x14 ..\obj\stm32f10x_rcc.o
 .data          0x20000028       0x18 ..\obj\fonts.o
                0x20000028                Font_7x10
                0x20000030                Font_11x18
                0x20000038                Font_16x26
                0x20000040                . = ALIGN (0x4)
                [!provide]                PROVIDE (__preinit_array_start, .)
 *(.preinit_array)
                [!provide]                PROVIDE (__preinit_array_end, .)
                0x20000040                . = ALIGN (0x4)
                [!provide]                PROVIDE (__init_array_start, .)
 *(SORT(.init_array.*))
 *(.init_array)
                [!provide]                PROVIDE (__init_array_end, .)
                0x20000040                . = ALIGN (0x4)
                [!provide]                PROVIDE (__fini_array_start, .)
 *(SORT(.fini_array.*))
 *(.fini_array)
                [!provide]                PROVIDE (__fini_array_end, .)
 *(.jcr*)
                0x20000040                . = ALIGN (0x4)
                0x20000040                __data_end__ = .
                0x20000040                _edata = __data_end__

.igot.plt       0x20000040        0x0 load address 0x08004b88
 .igot.plt      0x20000040        0x0 ..\obj\stm32f10x_tim.o

.bss            0x20000040      0x4c8 load address 0x08004b88
                0x20000040                . = ALIGN (0x4)
                0x20000040                __bss_start__ = .
                0x20000040                _sbss = __bss_start__
 *(.bss*)
 .bss           0x20000040       0xb0 ..\obj\main.o
                0x20000040                timer_1000ms
                0x20000090                time_togle_1ms
                0x20000094                time_togle_1ms_old
                0x20000098                timer_10000x100ms
                0x200000e8                time_togle_100ms
                0x200000ec                time_togle_100ms_old
 .bss           0x200000f0        0xc ..\obj\can.o
                0x200000f0                ignitionStd
                0x200000f4                CoolantTemp
                0x200000f8                CoolantTempCheck
 .bss           0x200000fc        0x4 ..\obj\ssd1306_i2c.o
 .bss           0x20000100      0x406 ..\obj\ssd1306.o
 *(COMMON)
                0x20000508                . = ALIGN (0x4)
 *fill*         0x20000506        0x2 
                0x20000508                __bss_end__ = .
                0x20000508                _ebss = __bss_end__

.heap           0x20000508        0x0
                0x20000508                __end__ = .
                0x20000508                _end = __end__
                0x20000508                end = __end__
 *(.heap*)
                0x20000508                __HeapLimit = .

.co_stack       0x20000508      0x400 load address 0x08005050
                0x20000508                . = ALIGN (0x8)
 *(.co_stack .co_stack.*)
 .co_stack      0x20000508      0x400 ..\obj\startup_stm32f10x_md.o
                0x20000508                pulStack
                0x20005000                __StackTop = (ORIGIN (ram) + LENGTH (ram))
                0x20004c00                __StackLimit = (__StackTop - SIZEOF (.co_stack))
                [!provide]                PROVIDE (__stack, __StackTop)
                0x00000001                ASSERT ((__StackLimit >= __HeapLimit), region ram  overflowed with stack)
LOAD ..\obj\stm32f10x_tim.o
LOAD ..\obj\core_cm3.o
LOAD ..\obj\system_stm32f10x.o
LOAD ..\obj\startup_stm32f10x_md.o
LOAD ..\obj\stm32f10x_can.o
LOAD ..\obj\stm32f10x_gpio.o
LOAD ..\obj\main.o
LOAD ..\obj\can.o
LOAD ..\obj\stm32f10x_rcc.o
LOAD ..\obj\fonts.o
LOAD ..\obj\stm32f10x_usart.o
LOAD ..\obj\syscalls.o
LOAD ..\obj\ssd1306_i2c.o
LOAD ..\obj\misc.o
LOAD ..\obj\ssd1306.o
LOAD ..\obj\stm32f10x_i2c.o
START GROUP
LOAD c:/program files (x86)/gnu tools arm embedded/5.4 2016q3/bin/../lib/gcc/arm-none-eabi/5.4.1/armv7-m\libgcc.a
LOAD c:/program files (x86)/gnu tools arm embedded/5.4 2016q3/bin/../lib/gcc/arm-none-eabi/5.4.1/../../../../arm-none-eabi/lib/armv7-m\libg.a
LOAD c:/program files (x86)/gnu tools arm embedded/5.4 2016q3/bin/../lib/gcc/arm-none-eabi/5.4.1/../../../../arm-none-eabi/lib/armv7-m\libc.a
END GROUP
OUTPUT(Mazda_Coolant.elf elf32-littlearm)

.debug_info     0x00000000     0x705c
 .debug_info    0x00000000     0x1c60 ..\obj\stm32f10x_tim.o
 .debug_info    0x00001c60      0x49c ..\obj\system_stm32f10x.o
 .debug_info    0x000020fc       0xee ..\obj\startup_stm32f10x_md.o
 .debug_info    0x000021ea      0xba4 ..\obj\stm32f10x_can.o
 .debug_info    0x00002d8e      0x6f6 ..\obj\stm32f10x_gpio.o
 .debug_info    0x00003484      0x91d ..\obj\main.o
 .debug_info    0x00003da1      0x8da ..\obj\can.o
 .debug_info    0x0000467b      0x8a3 ..\obj\stm32f10x_rcc.o
 .debug_info    0x00004f1e      0x244 ..\obj\fonts.o
 .debug_info    0x00005162      0x57d ..\obj\ssd1306_i2c.o
 .debug_info    0x000056df      0x556 ..\obj\misc.o
 .debug_info    0x00005c35      0x91b ..\obj\ssd1306.o
 .debug_info    0x00006550      0xb0c ..\obj\stm32f10x_i2c.o

.debug_abbrev   0x00000000     0x13bb
 .debug_abbrev  0x00000000      0x1b2 ..\obj\stm32f10x_tim.o
 .debug_abbrev  0x000001b2      0x14e ..\obj\system_stm32f10x.o
 .debug_abbrev  0x00000300       0xa7 ..\obj\startup_stm32f10x_md.o
 .debug_abbrev  0x000003a7      0x1f5 ..\obj\stm32f10x_can.o
 .debug_abbrev  0x0000059c      0x1cc ..\obj\stm32f10x_gpio.o
 .debug_abbrev  0x00000768      0x1fb ..\obj\main.o
 .debug_abbrev  0x00000963      0x183 ..\obj\can.o
 .debug_abbrev  0x00000ae6      0x1bc ..\obj\stm32f10x_rcc.o
 .debug_abbrev  0x00000ca2       0xe7 ..\obj\fonts.o
 .debug_abbrev  0x00000d89      0x191 ..\obj\ssd1306_i2c.o
 .debug_abbrev  0x00000f1a      0x147 ..\obj\misc.o
 .debug_abbrev  0x00001061      0x1f4 ..\obj\ssd1306.o
 .debug_abbrev  0x00001255      0x166 ..\obj\stm32f10x_i2c.o

.debug_aranges  0x00000000      0x8d8
 .debug_aranges
                0x00000000      0x2f0 ..\obj\stm32f10x_tim.o
 .debug_aranges
                0x000002f0       0x38 ..\obj\system_stm32f10x.o
 .debug_aranges
                0x00000328       0x28 ..\obj\startup_stm32f10x_md.o
 .debug_aranges
                0x00000350       0xe0 ..\obj\stm32f10x_can.o
 .debug_aranges
                0x00000430       0xa8 ..\obj\stm32f10x_gpio.o
 .debug_aranges
                0x000004d8       0x48 ..\obj\main.o
 .debug_aranges
                0x00000520       0x30 ..\obj\can.o
 .debug_aranges
                0x00000550      0x118 ..\obj\stm32f10x_rcc.o
 .debug_aranges
                0x00000668       0x20 ..\obj\fonts.o
 .debug_aranges
                0x00000688       0x50 ..\obj\ssd1306_i2c.o
 .debug_aranges
                0x000006d8       0x40 ..\obj\misc.o
 .debug_aranges
                0x00000718       0xa0 ..\obj\ssd1306.o
 .debug_aranges
                0x000007b8      0x120 ..\obj\stm32f10x_i2c.o

.debug_ranges   0x00000000      0x808
 .debug_ranges  0x00000000      0x2e0 ..\obj\stm32f10x_tim.o
 .debug_ranges  0x000002e0       0x28 ..\obj\system_stm32f10x.o
 .debug_ranges  0x00000308       0x18 ..\obj\startup_stm32f10x_md.o
 .debug_ranges  0x00000320       0xd0 ..\obj\stm32f10x_can.o
 .debug_ranges  0x000003f0       0x98 ..\obj\stm32f10x_gpio.o
 .debug_ranges  0x00000488       0x38 ..\obj\main.o
 .debug_ranges  0x000004c0       0x20 ..\obj\can.o
 .debug_ranges  0x000004e0      0x108 ..\obj\stm32f10x_rcc.o
 .debug_ranges  0x000005e8       0x10 ..\obj\fonts.o
 .debug_ranges  0x000005f8       0x40 ..\obj\ssd1306_i2c.o
 .debug_ranges  0x00000638       0x30 ..\obj\misc.o
 .debug_ranges  0x00000668       0x90 ..\obj\ssd1306.o
 .debug_ranges  0x000006f8      0x110 ..\obj\stm32f10x_i2c.o

.debug_line     0x00000000     0x32a8
 .debug_line    0x00000000      0xb50 ..\obj\stm32f10x_tim.o
 .debug_line    0x00000b50      0x222 ..\obj\system_stm32f10x.o
 .debug_line    0x00000d72       0xa1 ..\obj\startup_stm32f10x_md.o
 .debug_line    0x00000e13      0x56a ..\obj\stm32f10x_can.o
 .debug_line    0x0000137d      0x3d0 ..\obj\stm32f10x_gpio.o
 .debug_line    0x0000174d      0x3a2 ..\obj\main.o
 .debug_line    0x00001aef      0x28c ..\obj\can.o
 .debug_line    0x00001d7b      0x4cb ..\obj\stm32f10x_rcc.o
 .debug_line    0x00002246      0x176 ..\obj\fonts.o
 .debug_line    0x000023bc      0x2c5 ..\obj\ssd1306_i2c.o
 .debug_line    0x00002681      0x243 ..\obj\misc.o
 .debug_line    0x000028c4      0x4ff ..\obj\ssd1306.o
 .debug_line    0x00002dc3      0x4e5 ..\obj\stm32f10x_i2c.o

.debug_str      0x00000000     0x2ac6
 .debug_str     0x00000000      0xd17 ..\obj\stm32f10x_tim.o
                                0xde4 (size before relaxing)
 .debug_str     0x00000d17      0x171 ..\obj\system_stm32f10x.o
                                0x2f6 (size before relaxing)
 .debug_str     0x00000e88       0xaf ..\obj\startup_stm32f10x_md.o
                                0x146 (size before relaxing)
 .debug_str     0x00000f37      0x529 ..\obj\stm32f10x_can.o
                                0x735 (size before relaxing)
 .debug_str     0x00001460      0x37d ..\obj\stm32f10x_gpio.o
                                0x520 (size before relaxing)
 .debug_str     0x000017dd      0x577 ..\obj\main.o
                                0x9ba (size before relaxing)
 .debug_str     0x00001d54       0xd3 ..\obj\can.o
                                0x97d (size before relaxing)
 .debug_str     0x00001e27      0x3e7 ..\obj\stm32f10x_rcc.o
                                0x621 (size before relaxing)
 .debug_str     0x0000220e       0x82 ..\obj\fonts.o
                                0x233 (size before relaxing)
 .debug_str     0x00002290      0x197 ..\obj\ssd1306_i2c.o
                                0x48c (size before relaxing)
 .debug_str     0x00002427      0x158 ..\obj\misc.o
                                0x3c5 (size before relaxing)
 .debug_str     0x0000257f      0x20a ..\obj\ssd1306.o
                                0x47f (size before relaxing)
 .debug_str     0x00002789      0x33d ..\obj\stm32f10x_i2c.o
                                0x66d (size before relaxing)

.comment        0x00000000       0x6e
 .comment       0x00000000       0x6e ..\obj\stm32f10x_tim.o
                                 0x6f (size before relaxing)
 .comment       0x0000006e       0x6f ..\obj\system_stm32f10x.o
 .comment       0x0000006e       0x6f ..\obj\startup_stm32f10x_md.o
 .comment       0x0000006e       0x6f ..\obj\stm32f10x_can.o
 .comment       0x0000006e       0x6f ..\obj\stm32f10x_gpio.o
 .comment       0x0000006e       0x6f ..\obj\main.o
 .comment       0x0000006e       0x6f ..\obj\can.o
 .comment       0x0000006e       0x6f ..\obj\stm32f10x_rcc.o
 .comment       0x0000006e       0x6f ..\obj\fonts.o
 .comment       0x0000006e       0x6f ..\obj\ssd1306_i2c.o
 .comment       0x0000006e       0x6f ..\obj\misc.o
 .comment       0x0000006e       0x6f ..\obj\ssd1306.o
 .comment       0x0000006e       0x6f ..\obj\stm32f10x_i2c.o

.ARM.attributes
                0x00000000       0x33
 .ARM.attributes
                0x00000000       0x33 ..\obj\stm32f10x_tim.o
 .ARM.attributes
                0x00000033       0x33 ..\obj\system_stm32f10x.o
 .ARM.attributes
                0x00000066       0x33 ..\obj\startup_stm32f10x_md.o
 .ARM.attributes
                0x00000099       0x33 ..\obj\stm32f10x_can.o
 .ARM.attributes
                0x000000cc       0x33 ..\obj\stm32f10x_gpio.o
 .ARM.attributes
                0x000000ff       0x33 ..\obj\main.o
 .ARM.attributes
                0x00000132       0x33 ..\obj\can.o
 .ARM.attributes
                0x00000165       0x33 ..\obj\stm32f10x_rcc.o
 .ARM.attributes
                0x00000198       0x33 ..\obj\fonts.o
 .ARM.attributes
                0x000001cb       0x33 ..\obj\ssd1306_i2c.o
 .ARM.attributes
                0x000001fe       0x33 ..\obj\misc.o
 .ARM.attributes
                0x00000231       0x33 ..\obj\ssd1306.o
 .ARM.attributes
                0x00000264       0x33 ..\obj\stm32f10x_i2c.o
 .ARM.attributes
                0x00000297       0x2d c:/program files (x86)/gnu tools arm embedded/5.4 2016q3/bin/../lib/gcc/arm-none-eabi/5.4.1/../../../../arm-none-eabi/lib/armv7-m\libg.a(lib_a-itoa.o)
 .ARM.attributes
                0x000002c4       0x2d c:/program files (x86)/gnu tools arm embedded/5.4 2016q3/bin/../lib/gcc/arm-none-eabi/5.4.1/../../../../arm-none-eabi/lib/armv7-m\libg.a(lib_a-memset.o)
 .ARM.attributes
                0x000002f1       0x2d c:/program files (x86)/gnu tools arm embedded/5.4 2016q3/bin/../lib/gcc/arm-none-eabi/5.4.1/../../../../arm-none-eabi/lib/armv7-m\libg.a(lib_a-utoa.o)

.debug_frame    0x00000000     0x26b8
 .debug_frame   0x00000000      0xe2c ..\obj\stm32f10x_tim.o
 .debug_frame   0x00000e2c       0x98 ..\obj\system_stm32f10x.o
 .debug_frame   0x00000ec4       0x4c ..\obj\startup_stm32f10x_md.o
 .debug_frame   0x00000f10      0x3f0 ..\obj\stm32f10x_can.o
 .debug_frame   0x00001300      0x2d0 ..\obj\stm32f10x_gpio.o
 .debug_frame   0x000015d0       0xdc ..\obj\main.o
 .debug_frame   0x000016ac       0x7c ..\obj\can.o
 .debug_frame   0x00001728      0x4f4 ..\obj\stm32f10x_rcc.o
 .debug_frame   0x00001c1c       0x38 ..\obj\fonts.o
 .debug_frame   0x00001c54      0x114 ..\obj\ssd1306_i2c.o
 .debug_frame   0x00001d68       0xd8 ..\obj\misc.o
 .debug_frame   0x00001e40      0x28c ..\obj\ssd1306.o
 .debug_frame   0x000020cc      0x530 ..\obj\stm32f10x_i2c.o
 .debug_frame   0x000025fc       0x3c c:/program files (x86)/gnu tools arm embedded/5.4 2016q3/bin/../lib/gcc/arm-none-eabi/5.4.1/../../../../arm-none-eabi/lib/armv7-m\libg.a(lib_a-itoa.o)
 .debug_frame   0x00002638       0x34 c:/program files (x86)/gnu tools arm embedded/5.4 2016q3/bin/../lib/gcc/arm-none-eabi/5.4.1/../../../../arm-none-eabi/lib/armv7-m\libg.a(lib_a-memset.o)
 .debug_frame   0x0000266c       0x4c c:/program files (x86)/gnu tools arm embedded/5.4 2016q3/bin/../lib/gcc/arm-none-eabi/5.4.1/../../../../arm-none-eabi/lib/armv7-m\libg.a(lib_a-utoa.o)
